fit ens_phase2_nscores 2020-08-05 s42 (1119s)
fit ens_realloc 2020-08-05 s42 (1450s)
fit ens_neural_channels 2020-08-05 s42 (1546s)
fit ens_phase2 2020-08-12 s42 (861s)
fit ens_phase2_nscores 2020-08-12 s42 (1032s)
fit ens_realloc 2020-08-12 s42 (927s)
fit ens_neural_channels 2020-08-12 s42 (2205s)
fit ens_phase2 2020-08-19 s42 (1137s)
fit ens_phase2_nscores 2020-08-19 s42 (1176s)
fit ens_realloc 2020-08-19 s42 (1352s)
fit ens_neural_channels 2020-08-19 s42 (934s)
fit ens_phase2 2020-08-26 s42 (889s)
fit ens_phase2_nscores 2020-08-26 s42 (916s)
fit ens_realloc 2020-08-26 s42 (1241s)
fit ens_neural_channels 2020-08-26 s42 (1555s)
built eval 2020-09-02: 15,764,066 rows (148.9s)
fit ens_phase2 2020-09-02 s42 (1110s)
fit ens_phase2_nscores 2020-09-02 s42 (1204s)
fit ens_realloc 2020-09-02 s42 (729s)
fit ens_neural_channels 2020-09-02 s42 (719s)
built train 2020-09-02: 3,576,337 rows (39.2s)
built eval 2020-09-09: 14,995,205 rows (89.3s)
fit ens_phase2 2020-09-09 s42 (844s)
fit ens_phase2_nscores 2020-09-09 s42 (773s)
fit ens_realloc 2020-09-09 s42 (6309s)
fit ens_neural_channels 2020-09-09 s42 (9453s)
