fit ens_phase2 2020-08-05 s43 (568s)
fit ens_phase2 2020-08-05 s44 (713s)
fit ens_phase2_nscores 2020-08-05 s43 (878s)
fit ens_phase2_nscores 2020-08-05 s44 (2865s)
fit ens_phase2 2020-08-12 s43 (611s)
fit ens_phase2 2020-08-12 s44 (634s)
fit ens_phase2_nscores 2020-08-12 s43 (829s)
fit ens_phase2_nscores 2020-08-12 s44 (756s)
fit ens_phase2 2020-08-19 s43 (769s)
fit ens_phase2 2020-08-19 s44 (753s)
fit ens_phase2_nscores 2020-08-19 s43 (900s)
fit ens_phase2_nscores 2020-08-19 s44 (718s)
fit ens_phase2 2020-08-26 s43 (665s)
fit ens_phase2 2020-08-26 s44 (1307s)
fit ens_phase2_nscores 2020-08-26 s43 (9408s)
fit ens_phase2_nscores 2020-08-26 s44 (598s)
fit ens_phase2 2020-09-02 s43 (723s)
fit ens_phase2 2020-09-02 s44 (788s)
fit ens_phase2_nscores 2020-09-02 s43 (1149s)
fit ens_phase2_nscores 2020-09-02 s44 (1129s)
fit ens_phase2 2020-09-09 s43 (992s)
fit ens_phase2 2020-09-09 s44 (899s)
fit ens_phase2_nscores 2020-09-09 s43 (728s)
fit ens_phase2_nscores 2020-09-09 s44 (793s)
fit ens_phase2_nscores__minus_collaborative 2020-08-05 s42 (704s)
fit ens_phase2_nscores__minus_sequential 2020-08-05 s42 (694s)
fit ens_phase2_nscores__minus_repeat 2020-08-05 s42 (672s)
fit ens_phase2_nscores__minus_recency_velocity 2020-08-05 s42 (771s)
fit ens_phase2_nscores__minus_provenance 2020-08-05 s42 (667s)
fit ens_phase2_nscores__minus_collaborative 2020-08-12 s42 (780s)
fit ens_phase2_nscores__minus_sequential 2020-08-12 s42 (1045s)
fit ens_phase2_nscores__minus_repeat 2020-08-12 s42 (891s)
fit ens_phase2_nscores__minus_recency_velocity 2020-08-12 s42 (867s)
fit ens_phase2_nscores__minus_provenance 2020-08-12 s42 (819s)
fit ens_phase2_nscores__minus_collaborative 2020-08-19 s42 (705s)
fit ens_phase2_nscores__minus_sequential 2020-08-19 s42 (778s)
fit ens_phase2_nscores__minus_repeat 2020-08-19 s42 (713s)
fit ens_phase2_nscores__minus_recency_velocity 2020-08-19 s42 (677s)
fit ens_phase2_nscores__minus_provenance 2020-08-19 s42 (675s)
fit ens_phase2_nscores__minus_collaborative 2020-08-26 s42 (722s)
fit ens_phase2_nscores__minus_sequential 2020-08-26 s42 (610s)
fit ens_phase2_nscores__minus_repeat 2020-08-26 s42 (650s)
fit ens_phase2_nscores__minus_recency_velocity 2020-08-26 s42 (498s)
fit ens_phase2_nscores__minus_provenance 2020-08-26 s42 (721s)
fit ens_phase2_nscores__minus_collaborative 2020-09-02 s42 (762s)
fit ens_phase2_nscores__minus_sequential 2020-09-02 s42 (799s)
fit ens_phase2_nscores__minus_repeat 2020-09-02 s42 (979s)
fit ens_phase2_nscores__minus_recency_velocity 2020-09-02 s42 (822s)
fit ens_phase2_nscores__minus_provenance 2020-09-02 s42 (591s)
fit ens_phase2_nscores__minus_collaborative 2020-09-09 s42 (773s)
fit ens_phase2_nscores__minus_sequential 2020-09-09 s42 (760s)
fit ens_phase2_nscores__minus_repeat 2020-09-09 s42 (678s)
fit ens_phase2_nscores__minus_recency_velocity 2020-09-09 s42 (458s)
fit ens_phase2_nscores__minus_provenance 2020-09-09 s42 (538s)
